---------------|---------|----------|---------|---------|---------------------------------------------------File           | % Stmts | % Branch | % Funcs | % Lines | Uncovered Line #s
---------------|---------|----------|---------|---------|---------------------------------------------------All files      |   83.25 |    64.19 |   92.85 |   83.25 |
 db.js         |     100 |      100 |     100 |     100 |
 http-error.js |     100 |      100 |     100 |     100 |
 server.js     |   83.03 |    64.19 |   92.59 |   83.03 | ...38,359,378,395,476-479,493,523-524,561,569-570
---------------|---------|----------|---------|---------|---------------------------------------------------Test Suites: 1 passed, 1 total
Tests:       24 passed, 24 total
Snapshots:   0 total
Time:        3.46 s
Ran all test suites.
Force exiting Jest: Have you considered using `--detectOpenHandles` to detect async operations that kept running after all tests finished?